[    0.000000] Booting Linux on physical CPU 0x0000000000 [0x410fd034]
[    0.000000] Linux version 5.15.163 (akash@akash-HP-EliteBook-745-G5) (aarch64-none-linux-gnu-gcc (Arm GNU Toolchain 13.3.Rel1 (Build arm-13.24)) 13.3.1 20240614, GNU ld (Arm GNU Toolchain 13.3.Rel1 (Build arm-13.24)) 2.42.0.20240614) #1 SMP PREEMPT Mon Apr 28 23:35:25 CDT 2025
[    0.000000] random: crng init done
[    0.000000] Machine model: linux,dummy-virt
[    0.000000] efi: UEFI not found.
[    0.000000] NUMA: No NUMA configuration found
[    0.000000] NUMA: Faking a node at [mem 0x0000000040000000-0x000000004fffffff]
[    0.000000] NUMA: NODE_DATA [mem 0x4ff73c00-0x4ff75fff]
[    0.000000] Zone ranges:
[    0.000000]   DMA      [mem 0x0000000040000000-0x000000004fffffff]
[    0.000000]   DMA32    empty
[    0.000000]   Normal   empty
[    0.000000] Movable zone start for each node
[    0.000000] Early memory node ranges
[    0.000000]   node   0: [mem 0x0000000040000000-0x000000004fffffff]
[    0.000000] Initmem setup node 0 [mem 0x0000000040000000-0x000000004fffffff]
[    0.000000] cma: Reserved 32 MiB at 0x000000004d800000
[    0.000000] psci: probing for conduit method from DT.
[    0.000000] psci: PSCIv1.1 detected in firmware.
[    0.000000] psci: Using standard PSCI v0.2 function IDs
[    0.000000] psci: Trusted OS migration not required
[    0.000000] psci: SMC Calling Convention v1.0
[    0.000000] percpu: Embedded 20 pages/cpu s41560 r8192 d32168 u81920
[    0.000000] Detected VIPT I-cache on CPU0
[    0.000000] CPU features: kernel page table isolation forced ON by KASLR
[    0.000000] CPU features: detected: Kernel page table isolation (KPTI)
[    0.000000] CPU features: detected: ARM erratum 843419
[    0.000000] CPU features: detected: ARM erratum 845719
[    0.000000] Built 1 zonelists, mobility grouping on.  Total pages: 64512
[    0.000000] Policy zone: DMA
[    0.000000] Kernel command line: rdinit=/bin/sh
[    0.000000] Dentry cache hash table entries: 32768 (order: 6, 262144 bytes, linear)
[    0.000000] Inode-cache hash table entries: 16384 (order: 5, 131072 bytes, linear)
[    0.000000] mem auto-init: stack:all(zero), heap alloc:off, heap free:off
[    0.000000] Memory: 183836K/262144K available (15232K kernel code, 3090K rwdata, 8284K rodata, 6208K init, 497K bss, 45540K reserved, 32768K cma-reserved)
[    0.000000] SLUB: HWalign=64, Order=0-3, MinObjects=0, CPUs=1, Nodes=1
[    0.000000] rcu: Preemptible hierarchical RCU implementation.
[    0.000000] rcu: 	RCU event tracing is enabled.
[    0.000000] rcu: 	RCU restricting CPUs from NR_CPUS=256 to nr_cpu_ids=1.
[    0.000000] 	Trampoline variant of Tasks RCU enabled.
[    0.000000] rcu: RCU calculated value of scheduler-enlistment delay is 25 jiffies.
[    0.000000] rcu: Adjusting geometry for rcu_fanout_leaf=16, nr_cpu_ids=1
[    0.000000] NR_IRQS: 64, nr_irqs: 64, preallocated irqs: 0
[    0.000000] Root IRQ handler: gic_handle_irq
[    0.000000] GICv2m: range[mem 0x08020000-0x08020fff], SPI[80:143]
[    0.000000] arch_timer: cp15 timer(s) running at 62.50MHz (virt).
[    0.000000] clocksource: arch_sys_counter: mask: 0xffffffffffffff max_cycles: 0x1cd42e208c, max_idle_ns: 881590405314 ns
[    0.000098] sched_clock: 56 bits at 62MHz, resolution 16ns, wraps every 4398046511096ns
[    0.008831] Console: colour dummy device 80x25
[    0.010929] printk: console [tty0] enabled
[    0.013498] Calibrating delay loop (skipped), value calculated using timer frequency.. 125.00 BogoMIPS (lpj=250000)
[    0.013784] pid_max: default: 32768 minimum: 301
[    0.015301] LSM: Security Framework initializing
[    0.018929] Mount-cache hash table entries: 512 (order: 0, 4096 bytes, linear)
[    0.019502] Mountpoint-cache hash table entries: 512 (order: 0, 4096 bytes, linear)
[    0.054501] /cpus/cpu-map: empty cluster
[    0.065541] rcu: Hierarchical SRCU implementation.
[    0.071405] EFI services will not be available.
[    0.072653] smp: Bringing up secondary CPUs ...
[    0.072864] smp: Brought up 1 node, 1 CPU
[    0.072941] SMP: Total of 1 processors activated.
[    0.073052] CPU features: detected: 32-bit EL0 Support
[    0.073104] CPU features: detected: 32-bit EL1 Support
[    0.073220] CPU features: detected: CRC32 instructions
[    0.102230] CPU: All CPU(s) started at EL1
[    0.102884] alternatives: patching kernel code
[    0.118843] devtmpfs: initialized
[    0.127879] KASLR enabled
[    0.129123] clocksource: jiffies: mask: 0xffffffff max_cycles: 0xffffffff, max_idle_ns: 7645041785100000 ns
[    0.129558] futex hash table entries: 256 (order: 2, 16384 bytes, linear)
[    0.135531] pinctrl core: initialized pinctrl subsystem
[    0.147337] DMI not present or invalid.
[    0.156258] NET: Registered PF_NETLINK/PF_ROUTE protocol family
[    0.168073] DMA: preallocated 128 KiB GFP_KERNEL pool for atomic allocations
[    0.168610] DMA: preallocated 128 KiB GFP_KERNEL|GFP_DMA pool for atomic allocations
[    0.168890] DMA: preallocated 128 KiB GFP_KERNEL|GFP_DMA32 pool for atomic allocations
[    0.169184] audit: initializing netlink subsys (disabled)
[    0.175712] audit: type=2000 audit(0.156:1): state=initialized audit_enabled=0 res=1
[    0.177747] thermal_sys: Registered thermal governor 'step_wise'
[    0.177802] thermal_sys: Registered thermal governor 'power_allocator'
[    0.180898] cpuidle: using governor menu
[    0.182038] hw-breakpoint: found 6 breakpoint and 4 watchpoint registers.
[    0.182606] ASID allocator initialised with 32768 entries
[    0.187458] Serial: AMBA PL011 UART driver
[    0.226132] 9000000.pl011: ttyAMA0 at MMIO 0x9000000 (irq = 47, base_baud = 0) is a PL011 rev1
[    0.265410] printk: console [ttyAMA0] enabled
[    0.304748] HugeTLB registered 1.00 GiB page size, pre-allocated 0 pages
[    0.305353] HugeTLB registered 32.0 MiB page size, pre-allocated 0 pages
[    0.305853] HugeTLB registered 2.00 MiB page size, pre-allocated 0 pages
[    0.306292] HugeTLB registered 64.0 KiB page size, pre-allocated 0 pages
[    0.319379] cryptd: max_cpu_qlen set to 1000
[    0.331623] ACPI: Interpreter disabled.
[    0.339644] iommu: Default domain type: Translated 
[    0.340164] iommu: DMA domain TLB invalidation policy: strict mode 
[    0.341942] vgaarb: loaded
[    0.344004] SCSI subsystem initialized
[    0.346916] usbcore: registered new interface driver usbfs
[    0.347589] usbcore: registered new interface driver hub
[    0.348133] usbcore: registered new device driver usb
[    0.350769] pps_core: LinuxPPS API ver. 1 registered
[    0.351350] pps_core: Software ver. 5.3.6 - Copyright 2005-2007 Rodolfo Giometti <giometti@linux.it>
[    0.352225] PTP clock support registered
[    0.353128] EDAC MC: Ver: 3.0.0
[    0.359558] FPGA manager framework
[    0.360733] Advanced Linux Sound Architecture Driver Initialized.
[    0.376085] clocksource: Switched to clocksource arch_sys_counter
[    0.377661] VFS: Disk quotas dquot_6.6.0
[    0.378152] VFS: Dquot-cache hash table entries: 512 (order 0, 4096 bytes)
[    0.382101] pnp: PnP ACPI: disabled
[    0.399032] NET: Registered PF_INET protocol family
[    0.401170] IP idents hash table entries: 4096 (order: 3, 32768 bytes, linear)
[    0.407144] tcp_listen_portaddr_hash hash table entries: 256 (order: 0, 4096 bytes, linear)
[    0.408883] Table-perturb hash table entries: 65536 (order: 6, 262144 bytes, linear)
[    0.409603] TCP established hash table entries: 2048 (order: 2, 16384 bytes, linear)
[    0.410431] TCP bind hash table entries: 2048 (order: 3, 32768 bytes, linear)
[    0.411161] TCP: Hash tables configured (established 2048 bind 2048)
[    0.413213] UDP hash table entries: 256 (order: 1, 8192 bytes, linear)
[    0.414023] UDP-Lite hash table entries: 256 (order: 1, 8192 bytes, linear)
[    0.416172] NET: Registered PF_UNIX/PF_LOCAL protocol family
[    0.419836] RPC: Registered named UNIX socket transport module.
[    0.420628] RPC: Registered udp transport module.
[    0.421120] RPC: Registered tcp transport module.
[    0.421649] RPC: Registered tcp NFSv4.1 backchannel transport module.
[    0.422312] PCI: CLS 0 bytes, default 64
[    0.429093] Unpacking initramfs...
[    0.436424] hw perfevents: enabled with armv8_pmuv3 PMU driver, 7 counters available
[    0.438257] kvm [1]: HYP mode not available
[    0.499150] Initialise system trusted keyrings
[    0.501910] workingset: timestamp_bits=42 max_order=16 bucket_order=0
[    0.535042] squashfs: version 4.0 (2009/01/31) Phillip Lougher
[    0.542394] NFS: Registering the id_resolver key type
[    0.543344] Key type id_resolver registered
[    0.543730] Key type id_legacy registered
[    0.548531] nfs4filelayout_init: NFSv4 File Layout Driver Registering...
[    0.549252] nfs4flexfilelayout_init: NFSv4 Flexfile Layout Driver Registering...
[    0.551016] 9p: Installing v9fs 9p2000 file system support
[    0.636249] Key type asymmetric registered
[    0.636826] Asymmetric key parser 'x509' registered
[    0.637775] Block layer SCSI generic (bsg) driver version 0.4 loaded (major 245)
[    0.638568] io scheduler mq-deadline registered
[    0.639047] io scheduler kyber registered
[    0.684573] pl061_gpio 9030000.pl061: PL061 GPIO chip registered
[    0.695234] pci-host-generic 4010000000.pcie: host bridge /pcie@10000000 ranges:
[    0.700936] pci-host-generic 4010000000.pcie:       IO 0x003eff0000..0x003effffff -> 0x0000000000
[    0.702428] pci-host-generic 4010000000.pcie:      MEM 0x0010000000..0x003efeffff -> 0x0010000000
[    0.703334] pci-host-generic 4010000000.pcie:      MEM 0x8000000000..0xffffffffff -> 0x8000000000
[    0.708924] pci-host-generic 4010000000.pcie: Memory resource size exceeds max for 32 bits
[    0.710200] pci-host-generic 4010000000.pcie: ECAM at [mem 0x4010000000-0x401fffffff] for [bus 00-ff]
[    0.716479] pci-host-generic 4010000000.pcie: PCI host bridge to bus 0000:00
[    0.717314] pci_bus 0000:00: root bus resource [bus 00-ff]
[    0.717806] pci_bus 0000:00: root bus resource [io  0x0000-0xffff]
[    0.718347] pci_bus 0000:00: root bus resource [mem 0x10000000-0x3efeffff]
[    0.718920] pci_bus 0000:00: root bus resource [mem 0x8000000000-0xffffffffff]
[    0.725503] pci 0000:00:00.0: [1b36:0008] type 00 class 0x060000
[    0.734592] pci 0000:00:01.0: [1af4:1000] type 00 class 0x020000
[    0.735535] pci 0000:00:01.0: reg 0x10: [io  0x0000-0x001f]
[    0.740151] pci 0000:00:01.0: reg 0x14: [mem 0x00000000-0x00000fff]
[    0.740756] pci 0000:00:01.0: reg 0x20: [mem 0x00000000-0x00003fff 64bit pref]
[    0.741407] pci 0000:00:01.0: reg 0x30: [mem 0x00000000-0x0007ffff pref]
[    0.748929] pci 0000:00:01.0: BAR 6: assigned [mem 0x10000000-0x1007ffff pref]
[    0.749960] pci 0000:00:01.0: BAR 4: assigned [mem 0x8000000000-0x8000003fff 64bit pref]
[    0.750968] pci 0000:00:01.0: BAR 1: assigned [mem 0x10080000-0x10080fff]
[    0.751639] pci 0000:00:01.0: BAR 0: assigned [io  0x1000-0x101f]
[    0.773385] EINJ: ACPI disabled.
[    0.828036] virtio-pci 0000:00:01.0: enabling device (0000 -> 0003)
[    0.859089] Serial: 8250/16550 driver, 4 ports, IRQ sharing enabled
[    0.872651] SuperH (H)SCI(F) driver initialized
[    0.874203] msm_serial: driver initialized
[    0.882919] cacheinfo: Unable to detect cache hierarchy for CPU 0
[    0.920357] loop: module loaded
[    0.928477] megasas: 07.717.02.00-rc1
[    0.939838] physmap-flash 0.flash: physmap platform flash device: [mem 0x00000000-0x03ffffff]
[    0.949833] 0.flash: Found 2 x16 devices at 0x0 in 32-bit bank. Manufacturer ID 0x000000 Chip ID 0x000000
[    0.951441] Intel/Sharp Extended Query Table at 0x0031
[    0.957115] Using buffer write method
[    0.958276] physmap-flash 0.flash: physmap platform flash device: [mem 0x04000000-0x07ffffff]
[    0.959816] 0.flash: Found 2 x16 devices at 0x0 in 32-bit bank. Manufacturer ID 0x000000 Chip ID 0x000000
[    0.968102] Intel/Sharp Extended Query Table at 0x0031
[    0.969786] Using buffer write method
[    0.970543] Concatenating MTD devices:
[    0.971025] (0): "0.flash"
[    0.971322] (1): "0.flash"
[    0.971586] into device "0.flash"
[    1.032670] Freeing initrd memory: 5924K
[    1.178163] tun: Universal TUN/TAP device driver, 1.6
[    1.194902] thunder_xcv, ver 1.0
[    1.195374] thunder_bgx, ver 1.0
[    1.195743] nicpf, ver 1.0
[    1.199096] hns3: Hisilicon Ethernet Network Driver for Hip08 Family - version
[    1.199679] hns3: Copyright (c) 2017 Huawei Corporation.
[    1.200611] hclge is initializing
[    1.201172] e1000: Intel(R) PRO/1000 Network Driver
[    1.201646] e1000: Copyright (c) 1999-2006 Intel Corporation.
[    1.202365] e1000e: Intel(R) PRO/1000 Network Driver
[    1.202788] e1000e: Copyright(c) 1999 - 2015 Intel Corporation.
[    1.203542] igb: Intel(R) Gigabit Ethernet Network Driver
[    1.204530] igb: Copyright (c) 2007-2014 Intel Corporation.
[    1.205257] igbvf: Intel(R) Gigabit Virtual Function Network Driver
[    1.205783] igbvf: Copyright (c) 2009 - 2012 Intel Corporation.
[    1.207120] sky2: driver version 1.30
[    1.210164] VFIO - User Level meta-driver version: 0.3
[    1.215557] ehci_hcd: USB 2.0 'Enhanced' Host Controller (EHCI) Driver
[    1.216577] ehci-pci: EHCI PCI platform driver
[    1.217324] ehci-platform: EHCI generic platform driver
[    1.218264] ehci-orion: EHCI orion driver
[    1.219024] ehci-exynos: EHCI Exynos driver
[    1.219756] ohci_hcd: USB 1.1 'Open' Host Controller (OHCI) Driver
[    1.220684] ohci-pci: OHCI PCI platform driver
[    1.221504] ohci-platform: OHCI generic platform driver
[    1.222356] ohci-exynos: OHCI Exynos driver
[    1.224567] usbcore: registered new interface driver usb-storage
[    1.234120] rtc-pl031 9010000.pl031: registered as rtc0
[    1.235452] rtc-pl031 9010000.pl031: setting system clock to 2025-04-30T02:31:18 UTC (1745980278)
[    1.239104] i2c_dev: i2c /dev entries driver
[    1.254952] sdhci: Secure Digital Host Controller Interface driver
[    1.255556] sdhci: Copyright(c) Pierre Ossman
[    1.257718] Synopsys Designware Multimedia Card Interface Driver
[    1.260374] sdhci-pltfm: SDHCI platform and OF driver helper
[    1.264749] ledtrig-cpu: registered to indicate activity on CPUs
[    1.270969] usbcore: registered new interface driver usbhid
[    1.271594] usbhid: USB HID core driver
[    1.284925] NET: Registered PF_PACKET protocol family
[    1.287128] 9pnet: Installing 9P2000 support
[    1.288365] Key type dns_resolver registered
[    1.290293] Loading compiled-in X.509 certificates
[    1.302076] input: gpio-keys as /devices/platform/gpio-keys/input/input0
[    1.310666] clk: Disabling unused clocks
[    1.311685] ALSA device list:
[    1.313290]   No soundcards found.
[    1.317416] uart-pl011 9000000.pl011: no DMA platform data
[    1.358079] Freeing unused kernel memory: 6208K
[    1.359441] Run /bin/sh as init process
/bin/sh: can't access tty; job control turned off
/ # ls
[1;34mbin[m      [1;34metc[m      [1;34mlib[m      [1;36mlinuxrc[m  [1;34mroot[m     [1;34msys[m      [1;34musr[m
[1;34mdev[m      [1;34mhome[m     [1;34mlib64[m    [1;34mproc[m     [1;34msbin[m     [1;34mtmp[m      [1;34mvar[m
/ # cd home/ # cd home/[J
/home # ls
[1;32mautorun-qemu.sh[m  [1;32mfinder-test.sh[m   [1;32mwriter[m
[1;34mconf[m             [1;32mfinder.sh[m
/home # cdcd[J[J./f/home # ./finder[J-/home # ./finder-test.sh [J
Using default value AELD_IS_FUN for string to write
Using default value 10 for number of files to write
Writing 10 files containing string AELD_IS_FUN to /tmp/aeld-data
/tmp/aeld-data created
writer: Writing AELD_IS_FUN to /tmp/aeld-data/akash70711.txt
writer: Writing AELD_IS_FUN to /tmp/aeld-data/akash70712.txt
writer: Writing AELD_IS_FUN to /tmp/aeld-data/akash70713.txt
writer: Writing AELD_IS_FUN to /tmp/aeld-data/akash70714.txt
writer: Writing AELD_IS_FUN to /tmp/aeld-data/akash70715.txt
writer: Writing AELD_IS_FUN to /tmp/aeld-data/akash70716.txt
writer: Writing AELD_IS_FUN to /tmp/aeld-data/akash70717.txt
writer: Writing AELD_IS_FUN to /tmp/aeld-data/akash70718.txt
writer: Writing AELD_IS_FUN to /tmp/aeld-data/akash70719.txt
writer: Writing AELD_IS_FUN to /tmp/aeld-data/akash707110.txt
outside
The number of files are 10 and the number of matching lines are 10
success
/home # 