[    0.000000] Booting Linux on physical CPU 0x0000000000 [0x410fd034]
[    0.000000] Linux version 5.15.163 (akash7071@Ubuntu) (aarch64-none-linux-gnu-gcc (Arm GNU Toolchain 13.3.Rel1 (Build arm-13.24)) 13.3.1 20240614, GNU ld (Arm GNU Toolchain 13.3.Rel1 (Build arm-13.24)) 2.42.0.20240614) #1 SMP PREEMPT Wed Feb 26 00:02:46 CST 2025
[    0.000000] Machine model: linux,dummy-virt
[    0.000000] efi: UEFI not found.
[    0.000000] NUMA: No NUMA configuration found
[    0.000000] NUMA: Faking a node at [mem 0x0000000040000000-0x000000004fffffff]
[    0.000000] NUMA: NODE_DATA [mem 0x4ff73c00-0x4ff75fff]
[    0.000000] Zone ranges:
[    0.000000]   DMA      [mem 0x0000000040000000-0x000000004fffffff]
[    0.000000]   DMA32    empty
[    0.000000]   Normal   empty
[    0.000000] Movable zone start for each node
[    0.000000] Early memory node ranges
[    0.000000]   node   0: [mem 0x0000000040000000-0x000000004fffffff]
[    0.000000] Initmem setup node 0 [mem 0x0000000040000000-0x000000004fffffff]
[    0.000000] cma: Reserved 32 MiB at 0x000000004d800000
[    0.000000] psci: probing for conduit method from DT.
[    0.000000] psci: PSCIv0.2 detected in firmware.
[    0.000000] psci: Using standard PSCI v0.2 function IDs
[    0.000000] psci: Trusted OS migration not required
[    0.000000] percpu: Embedded 20 pages/cpu s41560 r8192 d32168 u81920
[    0.000000] Detected VIPT I-cache on CPU0
[    0.000000] CPU features: kernel page table isolation forced ON by KASLR
[    0.000000] CPU features: detected: Kernel page table isolation (KPTI)
[    0.000000] CPU features: detected: ARM erratum 843419
[    0.000000] CPU features: detected: ARM erratum 845719
[    0.000000] Built 1 zonelists, mobility grouping on.  Total pages: 64512
[    0.000000] Policy zone: DMA
[    0.000000] Kernel command line: rdinit=/bin/sh
[    0.000000] Dentry cache hash table entries: 32768 (order: 6, 262144 bytes, linear)
[    0.000000] Inode-cache hash table entries: 16384 (order: 5, 131072 bytes, linear)
[    0.000000] mem auto-init: stack:all(zero), heap alloc:off, heap free:off
[    0.000000] Memory: 183836K/262144K available (15232K kernel code, 3090K rwdata, 8284K rodata, 6208K init, 497K bss, 45540K reserved, 32768K cma-reserved)
[    0.000000] SLUB: HWalign=64, Order=0-3, MinObjects=0, CPUs=1, Nodes=1
[    0.000000] rcu: Preemptible hierarchical RCU implementation.
[    0.000000] rcu: 	RCU event tracing is enabled.
[    0.000000] rcu: 	RCU restricting CPUs from NR_CPUS=256 to nr_cpu_ids=1.
[    0.000000] 	Trampoline variant of Tasks RCU enabled.
[    0.000000] rcu: RCU calculated value of scheduler-enlistment delay is 25 jiffies.
[    0.000000] rcu: Adjusting geometry for rcu_fanout_leaf=16, nr_cpu_ids=1
[    0.000000] NR_IRQS: 64, nr_irqs: 64, preallocated irqs: 0
[    0.000000] Root IRQ handler: gic_handle_irq
[    0.000000] GICv2m: range[mem 0x08020000-0x08020fff], SPI[80:143]
[    0.000000] arch_timer: cp15 timer(s) running at 62.50MHz (virt).
[    0.000000] clocksource: arch_sys_counter: mask: 0xffffffffffffff max_cycles: 0x1cd42e208c, max_idle_ns: 881590405314 ns
[    0.000058] sched_clock: 56 bits at 62MHz, resolution 16ns, wraps every 4398046511096ns
[    0.004278] Console: colour dummy device 80x25
[    0.005236] printk: console [tty0] enabled
[    0.006653] Calibrating delay loop (skipped), value calculated using timer frequency.. 125.00 BogoMIPS (lpj=250000)
[    0.006765] pid_max: default: 32768 minimum: 301
[    0.007272] LSM: Security Framework initializing
[    0.009025] Mount-cache hash table entries: 512 (order: 0, 4096 bytes, linear)
[    0.009084] Mountpoint-cache hash table entries: 512 (order: 0, 4096 bytes, linear)
[    0.036506] /cpus/cpu-map: empty cluster
[    0.041248] rcu: Hierarchical SRCU implementation.
[    0.044688] EFI services will not be available.
[    0.045087] smp: Bringing up secondary CPUs ...
[    0.045160] smp: Brought up 1 node, 1 CPU
[    0.045184] SMP: Total of 1 processors activated.
[    0.045227] CPU features: detected: 32-bit EL0 Support
[    0.045246] CPU features: detected: 32-bit EL1 Support
[    0.045292] CPU features: detected: CRC32 instructions
[    0.057943] CPU: All CPU(s) started at EL1
[    0.058290] alternatives: patching kernel code
[    0.069011] devtmpfs: initialized
[    0.073933] KASLR enabled
[    0.074684] clocksource: jiffies: mask: 0xffffffff max_cycles: 0xffffffff, max_idle_ns: 7645041785100000 ns
[    0.074842] futex hash table entries: 256 (order: 2, 16384 bytes, linear)
[    0.078868] pinctrl core: initialized pinctrl subsystem
[    0.085455] DMI not present or invalid.
[    0.092111] NET: Registered PF_NETLINK/PF_ROUTE protocol family
[    0.099941] DMA: preallocated 128 KiB GFP_KERNEL pool for atomic allocations
[    0.100239] DMA: preallocated 128 KiB GFP_KERNEL|GFP_DMA pool for atomic allocations
[    0.100384] DMA: preallocated 128 KiB GFP_KERNEL|GFP_DMA32 pool for atomic allocations
[    0.100543] audit: initializing netlink subsys (disabled)
[    0.104574] thermal_sys: Registered thermal governor 'step_wise'
[    0.105821] audit: type=2000 audit(0.044:1): state=initialized audit_enabled=0 res=1
[    0.106108] thermal_sys: Registered thermal governor 'power_allocator'
[    0.107303] cpuidle: using governor menu
[    0.107885] hw-breakpoint: found 6 breakpoint and 4 watchpoint registers.
[    0.108892] ASID allocator initialised with 32768 entries
[    0.111579] Serial: AMBA PL011 UART driver
[    0.136130] 9000000.pl011: ttyAMA0 at MMIO 0x9000000 (irq = 47, base_baud = 0) is a PL011 rev1
[    0.150777] printk: console [ttyAMA0] enabled
[    0.177427] HugeTLB registered 1.00 GiB page size, pre-allocated 0 pages
[    0.180090] HugeTLB registered 32.0 MiB page size, pre-allocated 0 pages
[    0.180620] HugeTLB registered 2.00 MiB page size, pre-allocated 0 pages
[    0.180873] HugeTLB registered 64.0 KiB page size, pre-allocated 0 pages
[    0.189560] cryptd: max_cpu_qlen set to 1000
[    0.196109] ACPI: Interpreter disabled.
[    0.199246] iommu: Default domain type: Translated 
[    0.199831] iommu: DMA domain TLB invalidation policy: strict mode 
[    0.200733] vgaarb: loaded
[    0.201954] SCSI subsystem initialized
[    0.205075] usbcore: registered new interface driver usbfs
[    0.205756] usbcore: registered new interface driver hub
[    0.206629] usbcore: registered new device driver usb
[    0.211431] pps_core: LinuxPPS API ver. 1 registered
[    0.211685] pps_core: Software ver. 5.3.6 - Copyright 2005-2007 Rodolfo Giometti <giometti@linux.it>
[    0.213204] PTP clock support registered
[    0.220476] EDAC MC: Ver: 3.0.0
[    0.224168] FPGA manager framework
[    0.225026] Advanced Linux Sound Architecture Driver Initialized.
[    0.233335] clocksource: Switched to clocksource arch_sys_counter
[    0.235961] VFS: Disk quotas dquot_6.6.0
[    0.236524] VFS: Dquot-cache hash table entries: 512 (order 0, 4096 bytes)
[    0.237939] pnp: PnP ACPI: disabled
[    0.253314] NET: Registered PF_INET protocol family
[    0.254991] IP idents hash table entries: 4096 (order: 3, 32768 bytes, linear)
[    0.258887] tcp_listen_portaddr_hash hash table entries: 256 (order: 0, 4096 bytes, linear)
[    0.260355] Table-perturb hash table entries: 65536 (order: 6, 262144 bytes, linear)
[    0.260828] TCP established hash table entries: 2048 (order: 2, 16384 bytes, linear)
[    0.261091] TCP bind hash table entries: 2048 (order: 3, 32768 bytes, linear)
[    0.261267] TCP: Hash tables configured (established 2048 bind 2048)
[    0.262453] UDP hash table entries: 256 (order: 1, 8192 bytes, linear)
[    0.262821] UDP-Lite hash table entries: 256 (order: 1, 8192 bytes, linear)
[    0.263905] NET: Registered PF_UNIX/PF_LOCAL protocol family
[    0.266515] RPC: Registered named UNIX socket transport module.
[    0.266976] RPC: Registered udp transport module.
[    0.267225] RPC: Registered tcp transport module.
[    0.267381] RPC: Registered tcp NFSv4.1 backchannel transport module.
[    0.267683] PCI: CLS 0 bytes, default 64
[    0.273538] Unpacking initramfs...
[    0.276781] hw perfevents: enabled with armv8_pmuv3 PMU driver, 5 counters available
[    0.292383] kvm [1]: HYP mode not available
[    0.343965] Initialise system trusted keyrings
[    0.345705] workingset: timestamp_bits=42 max_order=16 bucket_order=0
[    0.359768] squashfs: version 4.0 (2009/01/31) Phillip Lougher
[    0.369855] NFS: Registering the id_resolver key type
[    0.370587] Key type id_resolver registered
[    0.370833] Key type id_legacy registered
[    0.371393] nfs4filelayout_init: NFSv4 File Layout Driver Registering...
[    0.371907] nfs4flexfilelayout_init: NFSv4 Flexfile Layout Driver Registering...
[    0.372765] 9p: Installing v9fs 9p2000 file system support
[    0.481081] Key type asymmetric registered
[    0.481480] Asymmetric key parser 'x509' registered
[    0.482665] Block layer SCSI generic (bsg) driver version 0.4 loaded (major 245)
[    0.483071] io scheduler mq-deadline registered
[    0.483335] io scheduler kyber registered
[    0.516926] pl061_gpio 9030000.pl061: PL061 GPIO chip registered
[    0.526901] pci-host-generic 4010000000.pcie: host bridge /pcie@10000000 ranges:
[    0.552116] pci-host-generic 4010000000.pcie:       IO 0x003eff0000..0x003effffff -> 0x0000000000
[    0.552926] pci-host-generic 4010000000.pcie:      MEM 0x0010000000..0x003efeffff -> 0x0010000000
[    0.553126] pci-host-generic 4010000000.pcie:      MEM 0x8000000000..0xffffffffff -> 0x8000000000
[    0.553672] pci-host-generic 4010000000.pcie: Memory resource size exceeds max for 32 bits
[    0.554258] pci-host-generic 4010000000.pcie: ECAM at [mem 0x4010000000-0x401fffffff] for [bus 00-ff]
[    0.555262] pci-host-generic 4010000000.pcie: PCI host bridge to bus 0000:00
[    0.555507] pci_bus 0000:00: root bus resource [bus 00-ff]
[    0.555626] pci_bus 0000:00: root bus resource [io  0x0000-0xffff]
[    0.555735] pci_bus 0000:00: root bus resource [mem 0x10000000-0x3efeffff]
[    0.555824] pci_bus 0000:00: root bus resource [mem 0x8000000000-0xffffffffff]
[    0.557129] pci 0000:00:00.0: [1b36:0008] type 00 class 0x060000
[    0.559537] pci 0000:00:01.0: [1af4:1000] type 00 class 0x020000
[    0.559783] pci 0000:00:01.0: reg 0x10: [io  0x0000-0x001f]
[    0.559884] pci 0000:00:01.0: reg 0x14: [mem 0x00000000-0x00000fff]
[    0.560001] pci 0000:00:01.0: reg 0x20: [mem 0x00000000-0x00003fff 64bit pref]
[    0.560167] pci 0000:00:01.0: reg 0x30: [mem 0x00000000-0x0007ffff pref]
[    0.580342] pci 0000:00:01.0: BAR 6: assigned [mem 0x10000000-0x1007ffff pref]
[    0.580849] pci 0000:00:01.0: BAR 4: assigned [mem 0x8000000000-0x8000003fff 64bit pref]
[    0.581351] pci 0000:00:01.0: BAR 1: assigned [mem 0x10080000-0x10080fff]
[    0.582204] pci 0000:00:01.0: BAR 0: assigned [io  0x1000-0x101f]
[    0.588167] EINJ: ACPI disabled.
[    0.645945] virtio-pci 0000:00:01.0: enabling device (0000 -> 0003)
[    0.677497] Serial: 8250/16550 driver, 4 ports, IRQ sharing enabled
[    0.684112] SuperH (H)SCI(F) driver initialized
[    0.684842] msm_serial: driver initialized
[    0.693211] cacheinfo: Unable to detect cache hierarchy for CPU 0
[    0.718906] loop: module loaded
[    0.720226] megasas: 07.717.02.00-rc1
[    0.729219] physmap-flash 0.flash: physmap platform flash device: [mem 0x00000000-0x03ffffff]
[    0.731044] 0.flash: Found 2 x16 devices at 0x0 in 32-bit bank. Manufacturer ID 0x000000 Chip ID 0x000000
[    0.731556] Intel/Sharp Extended Query Table at 0x0031
[    0.739956] Using buffer write method
[    0.740673] physmap-flash 0.flash: physmap platform flash device: [mem 0x04000000-0x07ffffff]
[    0.741359] 0.flash: Found 2 x16 devices at 0x0 in 32-bit bank. Manufacturer ID 0x000000 Chip ID 0x000000
[    0.741594] Intel/Sharp Extended Query Table at 0x0031
[    0.745792] Freeing initrd memory: 5924K
[    0.747072] Using buffer write method
[    0.748036] Concatenating MTD devices:
[    0.748458] (0): "0.flash"
[    0.748590] (1): "0.flash"
[    0.748712] into device "0.flash"
[    0.850810] tun: Universal TUN/TAP device driver, 1.6
[    0.868206] thunder_xcv, ver 1.0
[    0.868791] thunder_bgx, ver 1.0
[    0.869880] nicpf, ver 1.0
[    0.871804] hns3: Hisilicon Ethernet Network Driver for Hip08 Family - version
[    0.872308] hns3: Copyright (c) 2017 Huawei Corporation.
[    0.872813] hclge is initializing
[    0.873144] e1000: Intel(R) PRO/1000 Network Driver
[    0.873214] e1000: Copyright (c) 1999-2006 Intel Corporation.
[    0.873352] e1000e: Intel(R) PRO/1000 Network Driver
[    0.873434] e1000e: Copyright(c) 1999 - 2015 Intel Corporation.
[    0.873566] igb: Intel(R) Gigabit Ethernet Network Driver
[    0.873636] igb: Copyright (c) 2007-2014 Intel Corporation.
[    0.873752] igbvf: Intel(R) Gigabit Virtual Function Network Driver
[    0.873830] igbvf: Copyright (c) 2009 - 2012 Intel Corporation.
[    0.874505] sky2: driver version 1.30
[    0.876079] VFIO - User Level meta-driver version: 0.3
[    0.880417] ehci_hcd: USB 2.0 'Enhanced' Host Controller (EHCI) Driver
[    0.880801] ehci-pci: EHCI PCI platform driver
[    0.881246] ehci-platform: EHCI generic platform driver
[    0.882508] ehci-orion: EHCI orion driver
[    0.882850] ehci-exynos: EHCI Exynos driver
[    0.883214] ohci_hcd: USB 1.1 'Open' Host Controller (OHCI) Driver
[    0.883695] ohci-pci: OHCI PCI platform driver
[    0.884135] ohci-platform: OHCI generic platform driver
[    0.884827] ohci-exynos: OHCI Exynos driver
[    0.885940] usbcore: registered new interface driver usb-storage
[    0.903661] rtc-pl031 9010000.pl031: registered as rtc0
[    0.904650] rtc-pl031 9010000.pl031: setting system clock to 2025-02-26T06:51:29 UTC (1740552689)
[    0.906511] i2c_dev: i2c /dev entries driver
[    0.916062] sdhci: Secure Digital Host Controller Interface driver
[    0.917168] sdhci: Copyright(c) Pierre Ossman
[    0.918168] Synopsys Designware Multimedia Card Interface Driver
[    0.920491] sdhci-pltfm: SDHCI platform and OF driver helper
[    0.928736] ledtrig-cpu: registered to indicate activity on CPUs
[    0.933225] usbcore: registered new interface driver usbhid
[    0.933825] usbhid: USB HID core driver
[    0.943716] NET: Registered PF_PACKET protocol family
[    0.944830] 9pnet: Installing 9P2000 support
[    0.945224] Key type dns_resolver registered
[    0.946663] Loading compiled-in X.509 certificates
[    0.956202] input: gpio-keys as /devices/platform/gpio-keys/input/input0
[    0.961732] clk: Disabling unused clocks
[    0.964006] ALSA device list:
[    0.964187]   No soundcards found.
[    0.968345] uart-pl011 9000000.pl011: no DMA platform data
[    1.021137] Freeing unused kernel memory: 6208K
[    1.022053] Run /bin/sh as init process
/bin/sh: can't access tty; job control turned off
/ # cd home
/home # ls
[1;32mautorun-qemu.sh[m  [1;32mfinder-test.sh[m   [1;32mwriter[m
[1;34mconf[m             [1;32mfinder.sh[m
/home # ./fin/home # ./finder[J-/home # ./finder-test.sh [J
Using default value AELD_IS_FUN for string to write
Using default value 10 for number of files to write
Writing 10 files containing string AELD_IS_FUN to /tmp/aeld-data
/tmp/aeld-data created
writer: Writing AELD_IS_FUN to /tmp/aeld-data/akash70711.txt
writer: Writing AELD_IS_FUN to /tmp/aeld-data/akash70712.txt
writer: Writing AELD_IS_FUN to /tmp/aeld-data/akash70713.txt
writer: Writing AELD_IS_FUN to /tmp/aeld-data/akash70714.txt
writer: Writing AELD_IS_FUN to /tmp/aeld-data/akash70715.txt
writer: Writing AELD_IS_FUN to /tmp/aeld-data/akash70716.txt
writer: Writing AELD_IS_FUN to /tmp/aeld-data/akash70717.txt
writer: Writing AELD_IS_FUN to /tmp/aeld-data/akash70718.txt
writer: Writing AELD_IS_FUN to /tmp/aeld-data/akash70719.txt
writer: Writing AELD_IS_FUN to /tmp/aeld-data/akash707110.txt
outside
The number of files are 10 and the number of matching lines are 10
success
/home # 